// Jest Snapshot v1, https://goo.gl/fbAQLP

exports[`Positive if 1`] = `"Condition is true"`;
